// Jest Snapshot v1, https://goo.gl/fbAQLP

exports[`login screen renders correctly 1`] = `
<RNCSafeAreaView
  style={
    Array [
      Object {
        "flex": 1,
      },
      undefined,
    ]
  }
>
  <Text>
    Welcome to login
  </Text>
</RNCSafeAreaView>
`;
